cd /home
cd ../dos
git init

git fetch origin
git fetch orogin
git fetch origin
git remote add origin https://zivan@github.com/Zinchivan/room
git fetch origin
git remote -v
git remote rm origin
git remote add origin https://zivan@github.com/Zinchivan/room
git remote -v
git fetch origin
git branch
* master
git branch -all
git checkout mster
git checkout master
grt fetch origina
git branch
git checkout -b new
git dranch -all
git branch -all
la - la
ls -la
git add .
git status
git commit
git config --global user.name "Ivan"
git config --user.email zinchenko.ivan17@mail.ru
git config --global user.email zinchenko.ivan17@mail.ru
git config --list
git config --global color.ui true
git log
git log --oneline
git status
git branch
git commit
git log --oneline
git branch
git log
git push origin dev
git remote rm origin
git remote add origin https://zivan@github.com/Zinchivan/room
git push origin dev
git remote rm origin
git remote add origin https://zinchivan@github.com/Zinchivan/room
git push origin dev
git remote rm origin
git remote add origin https://Zinchivan@github.com/Zinchivan/room
git push origin dev
git branch
git push origin new
git vim readme.md
vim readme.md
vim README.MD
ls -la
vim README.md
vim READMY.md
git add .
git commit
git push origin new
git checkout master
git merge origin new
git merge origin dev
git merge  dev
git merge new
git push origin new
git push new
git checkout master
git merge new
git push origin master
git checkout -b new2
vim READMI.md
vim READMY.md
git commit -a
git checkout new
vim READMY.md
git commit -a
git push origin new2
git checkout new
git merge new2
vim READMY.md
git status
vim READMY.md
git status
git add .
git status
git commit
git push origin new
cd /hom
vim index2.php
cd public_html
vim index2.php
git init
ls -la
git remote -v
git revote add
git revote add https://github.com/Zinchivan/room
git revote add origin  https://zivan@github.com/Zinchivan/room
git remote add origin  https://zivan@github.com/Zinchivan/room
/home
cd /home
cd dos
cd/home/stud0
cd ../dos
login as: zivan
-rw------- 1 zivan zivan 12288 Jun 10 20:19 .index2.php.swp
-rw-rw-r-- 1 zivan zivan  4670 Jun  9 19:52 index.html
-rw-rw-r-- 1 zivan zivan   212 Jun  9 19:52 info.php
[zivan@php public_html]$ git remote -v
[zivan@php public_html]$ git remote add
usage: git remote add [<options>] <name> <url>
    -f, --fetch           fetch the remote branches
    -t, --track <branch>  branch(es) to track
    -m, --master <branch>
                          master branch
    --mirror              no separate remotes
[zivan@php public_html]$ git remote add new https://zivan@github.cirst
[zivan@php public_html]$ remote -v
-bash: remote: command not found
[zivan@php public_html]$ git remote -v
new     https://zivan@github.com/Zinchivan/first (fetch)
new     https://zivan@github.com/Zinchivan/first (push)
[zivan@php public_html]$ git fetch new
Password:
remote: Counting objects: 3, done.
remote: Compressing objects: 100% (2/2), done.
remote: Total 3 (delta 0), reused 0 (delta 0), pack-reused 0
Unpacking objects: 100% (3/3), done.
From https://github.com/Zinchivan/first
 * [new branch]      master     -> new/master
[zivan@php public_html]$ git branch
[zivan@php public_html]$ git branch -all
  remotes/new/master
[zivan@php public_html]$ git checkout master
Branch master set up to track remote branch master from new.
Already on 'master'
[zivan@php public_html]$ git branch
* master
[zivan@php public_html]$ git branch -all
* master
  remotes/new/master
[zivan@php public_html]$ git checkout -b two
Switched to a new branch 'two'
[zivan@php public_html]$ git branch -all
  master
* two
  remotes/new/master
[zivan@php public_html]$ ls -la
total 44
drwxrwxr-x 4 zivan zivan  4096 Jun 13 17:26 .
drwx--x--x 7 zivan zivan  4096 Jun 10 20:29 ..
drwxrwxr-x 8 zivan zivan  4096 Jun 13 17:35 .git
drwxrwxr-x 2 zivan zivan  4096 Jun  9 19:52 img
-rw------- 1 zivan zivan 12288 Jun 10 20:19 .index2.php.swp
-rw-rw-r-- 1 zivan zivan  4670 Jun  9 19:52 index.html
-rw-rw-r-- 1 zivan zivan   212 Jun  9 19:52 info.php
-rw-rw-r-- 1 zivan zivan  1076 Jun 13 17:26 LICENSE
[zivan@php public_html]$ .index2.php.swp^C
[zivan@php public_html]$
[zivan@php public_html]$ rm -f .index2.php.swp
[zivan@php public_html]$
[zivan@php public_html]$ .index2.php.swp
-bash: .index2.php.swp: command not found
[zivan@php public_html]$ rm -f .index2.php.swp
[zivan@php public_html]$ ls -la
total 32
drwxrwxr-x 4 zivan zivan 4096 Jun 13 17:38 .
drwx--x--x 7 zivan zivan 4096 Jun 10 20:29 ..
drwxrwxr-x 8 zivan zivan 4096 Jun 13 17:35 .git
drwxrwxr-x 2 zivan zivan 4096 Jun  9 19:52 img
-rw-rw-r-- 1 zivan zivan 4670 Jun  9 19:52 index.html
-rw-rw-r-- 1 zivan zivan  212 Jun  9 19:52 info.php
-rw-rw-r-- 1 zivan zivan 1076 Jun 13 17:26 LICENSE
[zivan@php public_html]$ dit add .
-bash: dit: command not found
[zivan@php public_html]$ git add .
[zivan@php public_html]$ git status
# On branch two
# Changes to be committed:
#   (use "git reset HEAD <file>..." to unstage)
#
#       new file:   img/centos_webpanel_logo.png
#       new file:   index.html
#       new file:   info.php
#
[zivan@php public_html]$ git commit
Aborting commit due to empty commit message.
[zivan@php public_html]$ git commit
[1]+  Stopped                 git commit
[zivan@php public_html]$ git config --global user.name "Ivan"
[zivan@php public_html]$ git commit --global user.email zinchenko.ivan17@mail.ru
error: unknown option `global'
usage: git commit [options] [--] <filepattern>...

    -q, --quiet           be quiet
    -v, --verbose         be verbose

Commit message options
    -F, --file <FILE>     read log from file
    --author <AUTHOR>     override author for commit
    --date <DATE>         override date for commit
    -m, --message <MESSAGE>
                          specify commit message
    -c, --reedit-message <COMMIT>
                          reuse and edit message from specified commit
    -C, --reuse-message <COMMIT>
                          reuse message from specified commit
    --reset-author        the commit is authored by me now (used with -C-c/--amend)
    -s, --signoff         add Signed-off-by:
    -t, --template <FILE>
                          use specified temp
    -e, --edit            force edit of commit
    --cleanup <default>   how to strip spaces and #comments from message
    --status              include status in commit message templat

Commit contents options
    -a, --all        
    -i, --include         add specified files to ind
    --interactive         interactively add f
    -o, --only           
    -n, --no-verify       bypass pre-co
    --dry-run             show what would be 
    --short               show status concisely
    --porcelain        
    -z, --null            terminate entries with NUL
    --amend   
    --no-post-rewrite     bypass post-rewrite hook
    -u, --untracked-files[=<mode>]
                          show untracked files, optional modes: all, normal, no. (Default: all)
    --allow-empty         ok to record an empty chang

[zivan@php public_html]$  git config --global user.email  zinchenko.ivan17@mail.ru
[zivan@php public_html]$  git config --global user.email zin
[zivan@php public_html]$ git config --g
[zivan@php public_html]$ git config --l
user.name=Ivan
user.email=zinchenko.ivan1
color.ui=true
core.repositoryformatversion=0
core.filemode=tr
core.bare=false
core.logallrefupdates=true
remote.new.url=https://zivan@github.com/Zinchivan/first
remote
branch.master.remot
branch.master.merge=refs/heads/mast
[zivan@php public_html]$ git config --list
user.n
user.ema
color.ui=true
core.r
core.filemode=true
core.bare=false
core.loga
remote.new.url=https://zivan@github.com/Zinchivan/first
remote.new.fetc
branch.m
branch.master.merge=refs/h
[zivan@php public_html]$ git config --gl
[zivan@php public_html]$ git log
commit 4585f
Author: Zinchivan <Zinchenko.ivan17@mail.ru>
D

    Initial commit
[zivan@php public_html]$ git
4585fa9 Initial commit
[zivan@php public_html]$
# On branch two
# Changes to be committed:
#   (use "git reset HEAD <file>..." to unstage)
#
#       new file:   i
#       new file:   index.html
#       new file:   i
#
[zivan@php public_html]$ git branch
  master
* tw
[zivan@php public_html]$ git commit
[two 8
 3 files changed, 142 insertions(+), 0 deletions(-)
 create mode 100644 img/centos_webpanel_logo
 create mode 100644 index.html
 create mode 100644 info.php
[zivan@php public_html]$ git log --oneline
8590c4d my first commit in
4585fa9 Initial commit
[zivan@php public_html]$ git branch
  master
* two
[zivan@php 
Using username "zivan".
zivan@37.252.123.142'
Send automatic password
Last login: Mon Jun 13 
[zivan@php ~]$


git push




cd publick_html
cd public_html
git init
ls -la
git remote -v
git fetch new
git branch
git branch -all
git checkout master
git branch -all
git checkout -b two
git checkout two
git branch -all
\ls -la
git add
git add .
git status
git commit
git config --l
git checkout master
git commit
git branch -all
git add .
git status
git log --oneline
git checkout two
git status
git log --oneline
git commit
git push first new
git push new first
https://zivan@github.com/Zinchivan/first/info/refs
cd publick_html
git init
git commit
git remmote add
git fetch new
